<?xml version="1.0"?>
<link_info>
   <banner>TI ARM Linker PC v5.1.1</banner>
   <copyright>Copyright (c) 1996-2013 Texas Instruments Incorporated</copyright>
   <link_time>0x5531c3ee</link_time>
   <link_errors>0x0</link_errors>
   <output_file>FlyBoard_Test.out</output_file>
   <entry_point>
      <name>_c_int00</name>
      <address>0x93f9</address>
   </entry_point>
   <input_file_list>
      <input_file id="fl-2">
         <path>.\Attitude_Control\</path>
         <kind>object</kind>
         <file>attitude_Control.obj</file>
         <name>attitude_Control.obj</name>
      </input_file>
      <input_file id="fl-3">
         <path>.\Attitude_Control\</path>
         <kind>object</kind>
         <file>Motor.obj</file>
         <name>Motor.obj</name>
      </input_file>
      <input_file id="fl-4">
         <path>.\Filter\</path>
         <kind>object</kind>
         <file>complementary_filter.obj</file>
         <name>complementary_filter.obj</name>
      </input_file>
      <input_file id="fl-5">
         <path>.\MPU6050\</path>
         <kind>object</kind>
         <file>mpu6050dmp_attitude_angle_cal.obj</file>
         <name>mpu6050dmp_attitude_angle_cal.obj</name>
      </input_file>
      <input_file id="fl-6">
         <path>.\MPU6050\</path>
         <kind>object</kind>
         <file>inv_mpu_dmp_motion_driver.obj</file>
         <name>inv_mpu_dmp_motion_driver.obj</name>
      </input_file>
      <input_file id="fl-7">
         <path>.\MPU6050\</path>
         <kind>object</kind>
         <file>inv_mpu.obj</file>
         <name>inv_mpu.obj</name>
      </input_file>
      <input_file id="fl-8">
         <path>.\My_Source\</path>
         <kind>object</kind>
         <file>spi.obj</file>
         <name>spi.obj</name>
      </input_file>
      <input_file id="fl-9">
         <path>.\My_Source\</path>
         <kind>object</kind>
         <file>i2c.obj</file>
         <name>i2c.obj</name>
      </input_file>
      <input_file id="fl-a">
         <path>.\My_Source\</path>
         <kind>object</kind>
         <file>camera.obj</file>
         <name>camera.obj</name>
      </input_file>
      <input_file id="fl-b">
         <path>.\My_Source\</path>
         <kind>object</kind>
         <file>SystemInit.obj</file>
         <name>SystemInit.obj</name>
      </input_file>
      <input_file id="fl-c">
         <path>.\My_Source\</path>
         <kind>object</kind>
         <file>OLED_DATA.obj</file>
         <name>OLED_DATA.obj</name>
      </input_file>
      <input_file id="fl-d">
         <path>.\My_Source\</path>
         <kind>object</kind>
         <file>OLED.obj</file>
         <name>OLED.obj</name>
      </input_file>
      <input_file id="fl-e">
         <path>.\My_Source\</path>
         <kind>object</kind>
         <file>NRF24L01.obj</file>
         <name>NRF24L01.obj</name>
      </input_file>
      <input_file id="fl-f">
         <path>.\My_Source\</path>
         <kind>object</kind>
         <file>My_ext_Int.obj</file>
         <name>My_ext_Int.obj</name>
      </input_file>
      <input_file id="fl-10">
         <path>.\My_Source\</path>
         <kind>object</kind>
         <file>My_UART.obj</file>
         <name>My_UART.obj</name>
      </input_file>
      <input_file id="fl-11">
         <path>.\My_Source\</path>
         <kind>object</kind>
         <file>My_PeriodTimer.obj</file>
         <name>My_PeriodTimer.obj</name>
      </input_file>
      <input_file id="fl-12">
         <path>.\My_Source\</path>
         <kind>object</kind>
         <file>My_PWM.obj</file>
         <name>My_PWM.obj</name>
      </input_file>
      <input_file id="fl-13">
         <path>.\My_Source\</path>
         <kind>object</kind>
         <file>My_GetTimes.obj</file>
         <name>My_GetTimes.obj</name>
      </input_file>
      <input_file id="fl-14">
         <path>.\My_Source\</path>
         <kind>object</kind>
         <file>My_DMA.obj</file>
         <name>My_DMA.obj</name>
      </input_file>
      <input_file id="fl-15">
         <path>.\My_Source\</path>
         <kind>object</kind>
         <file>My_ADC.obj</file>
         <name>My_ADC.obj</name>
      </input_file>
      <input_file id="fl-16">
         <path>.\My_Source\</path>
         <kind>object</kind>
         <file>LED.obj</file>
         <name>LED.obj</name>
      </input_file>
      <input_file id="fl-17">
         <path>.\My_Source\</path>
         <kind>object</kind>
         <file>Keys.obj</file>
         <name>Keys.obj</name>
      </input_file>
      <input_file id="fl-18">
         <path>.\My_Source\</path>
         <kind>object</kind>
         <file>Delay.obj</file>
         <name>Delay.obj</name>
      </input_file>
      <input_file id="fl-19">
         <path>.\</path>
         <kind>object</kind>
         <file>uartstdio.obj</file>
         <name>uartstdio.obj</name>
      </input_file>
      <input_file id="fl-1a">
         <path>.\</path>
         <kind>object</kind>
         <file>tm4c123gh6pm_startup_ccs.obj</file>
         <name>tm4c123gh6pm_startup_ccs.obj</name>
      </input_file>
      <input_file id="fl-1b">
         <path>.\</path>
         <kind>object</kind>
         <file>main.obj</file>
         <name>main.obj</name>
      </input_file>
      <input_file id="fl-14a">
         <path>C:\ti\ccsv5\tools\compiler\arm_5.1.1\lib\</path>
         <kind>archive</kind>
         <file>rtsv7M4_T_le_v4SPD16_eabi.lib</file>
         <name>asin.obj</name>
      </input_file>
      <input_file id="fl-14b">
         <path>C:\ti\ccsv5\tools\compiler\arm_5.1.1\lib\</path>
         <kind>archive</kind>
         <file>rtsv7M4_T_le_v4SPD16_eabi.lib</file>
         <name>atan2.obj</name>
      </input_file>
      <input_file id="fl-14c">
         <path>C:\ti\ccsv5\tools\compiler\arm_5.1.1\lib\</path>
         <kind>archive</kind>
         <file>rtsv7M4_T_le_v4SPD16_eabi.lib</file>
         <name>atan2f.obj</name>
      </input_file>
      <input_file id="fl-14d">
         <path>C:\ti\ccsv5\tools\compiler\arm_5.1.1\lib\</path>
         <kind>archive</kind>
         <file>rtsv7M4_T_le_v4SPD16_eabi.lib</file>
         <name>boot.obj</name>
      </input_file>
      <input_file id="fl-14e">
         <path>C:\ti\ccsv5\tools\compiler\arm_5.1.1\lib\</path>
         <kind>archive</kind>
         <file>rtsv7M4_T_le_v4SPD16_eabi.lib</file>
         <name>copy_decompress_none.obj</name>
      </input_file>
      <input_file id="fl-14f">
         <path>C:\ti\ccsv5\tools\compiler\arm_5.1.1\lib\</path>
         <kind>archive</kind>
         <file>rtsv7M4_T_le_v4SPD16_eabi.lib</file>
         <name>copy_decompress_rle.obj</name>
      </input_file>
      <input_file id="fl-150">
         <path>C:\ti\ccsv5\tools\compiler\arm_5.1.1\lib\</path>
         <kind>archive</kind>
         <file>rtsv7M4_T_le_v4SPD16_eabi.lib</file>
         <name>copy_zero_init.obj</name>
      </input_file>
      <input_file id="fl-151">
         <path>C:\ti\ccsv5\tools\compiler\arm_5.1.1\lib\</path>
         <kind>archive</kind>
         <file>rtsv7M4_T_le_v4SPD16_eabi.lib</file>
         <name>cos.obj</name>
      </input_file>
      <input_file id="fl-152">
         <path>C:\ti\ccsv5\tools\compiler\arm_5.1.1\lib\</path>
         <kind>archive</kind>
         <file>rtsv7M4_T_le_v4SPD16_eabi.lib</file>
         <name>exit.obj</name>
      </input_file>
      <input_file id="fl-153">
         <path>C:\ti\ccsv5\tools\compiler\arm_5.1.1\lib\</path>
         <kind>archive</kind>
         <file>rtsv7M4_T_le_v4SPD16_eabi.lib</file>
         <name>fd_add_t2.obj</name>
      </input_file>
      <input_file id="fl-154">
         <path>C:\ti\ccsv5\tools\compiler\arm_5.1.1\lib\</path>
         <kind>archive</kind>
         <file>rtsv7M4_T_le_v4SPD16_eabi.lib</file>
         <name>fd_cmp_t2.obj</name>
      </input_file>
      <input_file id="fl-155">
         <path>C:\ti\ccsv5\tools\compiler\arm_5.1.1\lib\</path>
         <kind>archive</kind>
         <file>rtsv7M4_T_le_v4SPD16_eabi.lib</file>
         <name>fd_div_t2.obj</name>
      </input_file>
      <input_file id="fl-156">
         <path>C:\ti\ccsv5\tools\compiler\arm_5.1.1\lib\</path>
         <kind>archive</kind>
         <file>rtsv7M4_T_le_v4SPD16_eabi.lib</file>
         <name>fd_mul_t2.obj</name>
      </input_file>
      <input_file id="fl-157">
         <path>C:\ti\ccsv5\tools\compiler\arm_5.1.1\lib\</path>
         <kind>archive</kind>
         <file>rtsv7M4_T_le_v4SPD16_eabi.lib</file>
         <name>fd_tos_t2.obj</name>
      </input_file>
      <input_file id="fl-158">
         <path>C:\ti\ccsv5\tools\compiler\arm_5.1.1\lib\</path>
         <kind>archive</kind>
         <file>rtsv7M4_T_le_v4SPD16_eabi.lib</file>
         <name>fs_tod_t2.obj</name>
      </input_file>
      <input_file id="fl-159">
         <path>C:\ti\ccsv5\tools\compiler\arm_5.1.1\lib\</path>
         <kind>archive</kind>
         <file>rtsv7M4_T_le_v4SPD16_eabi.lib</file>
         <name>ll_div_t2.obj</name>
      </input_file>
      <input_file id="fl-15a">
         <path>C:\ti\ccsv5\tools\compiler\arm_5.1.1\lib\</path>
         <kind>archive</kind>
         <file>rtsv7M4_T_le_v4SPD16_eabi.lib</file>
         <name>ll_mul_t2.obj</name>
      </input_file>
      <input_file id="fl-15b">
         <path>C:\ti\ccsv5\tools\compiler\arm_5.1.1\lib\</path>
         <kind>archive</kind>
         <file>rtsv7M4_T_le_v4SPD16_eabi.lib</file>
         <name>memcmp.obj</name>
      </input_file>
      <input_file id="fl-15c">
         <path>C:\ti\ccsv5\tools\compiler\arm_5.1.1\lib\</path>
         <kind>archive</kind>
         <file>rtsv7M4_T_le_v4SPD16_eabi.lib</file>
         <name>memcpy_t2.obj</name>
      </input_file>
      <input_file id="fl-15d">
         <path>C:\ti\ccsv5\tools\compiler\arm_5.1.1\lib\</path>
         <kind>archive</kind>
         <file>rtsv7M4_T_le_v4SPD16_eabi.lib</file>
         <name>memset_t2.obj</name>
      </input_file>
      <input_file id="fl-15e">
         <path>C:\ti\ccsv5\tools\compiler\arm_5.1.1\lib\</path>
         <kind>archive</kind>
         <file>rtsv7M4_T_le_v4SPD16_eabi.lib</file>
         <name>sin.obj</name>
      </input_file>
      <input_file id="fl-15f">
         <path>C:\ti\ccsv5\tools\compiler\arm_5.1.1\lib\</path>
         <kind>archive</kind>
         <file>rtsv7M4_T_le_v4SPD16_eabi.lib</file>
         <name>sqrt.obj</name>
      </input_file>
      <input_file id="fl-160">
         <path>C:\ti\ccsv5\tools\compiler\arm_5.1.1\lib\</path>
         <kind>archive</kind>
         <file>rtsv7M4_T_le_v4SPD16_eabi.lib</file>
         <name>stkdepth_vars.obj</name>
      </input_file>
      <input_file id="fl-161">
         <path>C:\ti\ccsv5\tools\compiler\arm_5.1.1\lib\</path>
         <kind>archive</kind>
         <file>rtsv7M4_T_le_v4SPD16_eabi.lib</file>
         <name>u_divt2.obj</name>
      </input_file>
      <input_file id="fl-162">
         <path>C:\ti\ccsv5\tools\compiler\arm_5.1.1\lib\</path>
         <kind>archive</kind>
         <file>rtsv7M4_T_le_v4SPD16_eabi.lib</file>
         <name>xatan.obj</name>
      </input_file>
      <input_file id="fl-163">
         <path>C:\ti\ccsv5\tools\compiler\arm_5.1.1\lib\</path>
         <kind>archive</kind>
         <file>rtsv7M4_T_le_v4SPD16_eabi.lib</file>
         <name>xdscale.obj</name>
      </input_file>
      <input_file id="fl-164">
         <path>C:\ti\ccsv5\tools\compiler\arm_5.1.1\lib\</path>
         <kind>archive</kind>
         <file>rtsv7M4_T_le_v4SPD16_eabi.lib</file>
         <name>xdtest.obj</name>
      </input_file>
      <input_file id="fl-165">
         <path>C:\ti\ccsv5\tools\compiler\arm_5.1.1\lib\</path>
         <kind>archive</kind>
         <file>rtsv7M4_T_le_v4SPD16_eabi.lib</file>
         <name>xdunscal.obj</name>
      </input_file>
      <input_file id="fl-166">
         <path>C:\ti\ccsv5\tools\compiler\arm_5.1.1\lib\</path>
         <kind>archive</kind>
         <file>rtsv7M4_T_le_v4SPD16_eabi.lib</file>
         <name>xfatan.obj</name>
      </input_file>
      <input_file id="fl-167">
         <path>C:\ti\ccsv5\tools\compiler\arm_5.1.1\lib\</path>
         <kind>archive</kind>
         <file>rtsv7M4_T_le_v4SPD16_eabi.lib</file>
         <name>xfdtest.obj</name>
      </input_file>
      <input_file id="fl-168">
         <path>C:\ti\ccsv5\tools\compiler\arm_5.1.1\lib\</path>
         <kind>archive</kind>
         <file>rtsv7M4_T_le_v4SPD16_eabi.lib</file>
         <name>xferaise.obj</name>
      </input_file>
      <input_file id="fl-169">
         <path>C:\ti\ccsv5\tools\compiler\arm_5.1.1\lib\</path>
         <kind>archive</kind>
         <file>rtsv7M4_T_le_v4SPD16_eabi.lib</file>
         <name>xfvalues.obj</name>
      </input_file>
      <input_file id="fl-16a">
         <path>C:\ti\ccsv5\tools\compiler\arm_5.1.1\lib\</path>
         <kind>archive</kind>
         <file>rtsv7M4_T_le_v4SPD16_eabi.lib</file>
         <name>xsin.obj</name>
      </input_file>
      <input_file id="fl-16b">
         <path>C:\ti\ccsv5\tools\compiler\arm_5.1.1\lib\</path>
         <kind>archive</kind>
         <file>rtsv7M4_T_le_v4SPD16_eabi.lib</file>
         <name>xvalues.obj</name>
      </input_file>
      <input_file id="fl-16c">
         <path>C:\ti\ccsv5\tools\compiler\arm_5.1.1\lib\</path>
         <kind>archive</kind>
         <file>rtsv7M4_T_le_v4SPD16_eabi.lib</file>
         <name>_lock.obj</name>
      </input_file>
      <input_file id="fl-16d">
         <path>C:\ti\ccsv5\tools\compiler\arm_5.1.1\lib\</path>
         <kind>archive</kind>
         <file>rtsv7M4_T_le_v4SPD16_eabi.lib</file>
         <name>args_main.obj</name>
      </input_file>
      <input_file id="fl-16e">
         <path>C:\ti\ccsv5\tools\compiler\arm_5.1.1\lib\</path>
         <kind>archive</kind>
         <file>rtsv7M4_T_le_v4SPD16_eabi.lib</file>
         <name>auto_init.obj</name>
      </input_file>
      <input_file id="fl-16f">
         <path>C:\ti\ccsv5\tools\compiler\arm_5.1.1\lib\</path>
         <kind>archive</kind>
         <file>rtsv7M4_T_le_v4SPD16_eabi.lib</file>
         <name>cpy_tbl.obj</name>
      </input_file>
      <input_file id="fl-170">
         <path>C:\ti\ccsv5\tools\compiler\arm_5.1.1\lib\</path>
         <kind>archive</kind>
         <file>rtsv7M4_T_le_v4SPD16_eabi.lib</file>
         <name>errno.obj</name>
      </input_file>
      <input_file id="fl-171">
         <path>C:\ti\ccsv5\tools\compiler\arm_5.1.1\lib\</path>
         <kind>archive</kind>
         <file>rtsv7M4_T_le_v4SPD16_eabi.lib</file>
         <name>fd_toi_t2.obj</name>
      </input_file>
      <input_file id="fl-172">
         <path>C:\ti\ccsv5\tools\compiler\arm_5.1.1\lib\</path>
         <kind>archive</kind>
         <file>rtsv7M4_T_le_v4SPD16_eabi.lib</file>
         <name>feraiseexcept.obj</name>
      </input_file>
      <input_file id="fl-173">
         <path>C:\ti\ccsv5\tools\compiler\arm_5.1.1\lib\</path>
         <kind>archive</kind>
         <file>rtsv7M4_T_le_v4SPD16_eabi.lib</file>
         <name>fmod.obj</name>
      </input_file>
      <input_file id="fl-174">
         <path>C:\ti\ccsv5\tools\compiler\arm_5.1.1\lib\</path>
         <kind>archive</kind>
         <file>rtsv7M4_T_le_v4SPD16_eabi.lib</file>
         <name>i_tofd_t2.obj</name>
      </input_file>
      <input_file id="fl-175">
         <path>C:\ti\ccsv5\tools\compiler\arm_5.1.1\lib\</path>
         <kind>archive</kind>
         <file>rtsv7M4_T_le_v4SPD16_eabi.lib</file>
         <name>raise.obj</name>
      </input_file>
      <input_file id="fl-176">
         <path>C:\ti\ccsv5\tools\compiler\arm_5.1.1\lib\</path>
         <kind>archive</kind>
         <file>rtsv7M4_T_le_v4SPD16_eabi.lib</file>
         <name>signal.obj</name>
      </input_file>
      <input_file id="fl-177">
         <path>C:\ti\ccsv5\tools\compiler\arm_5.1.1\lib\</path>
         <kind>archive</kind>
         <file>rtsv7M4_T_le_v4SPD16_eabi.lib</file>
         <name>xdnorm.obj</name>
      </input_file>
      <input_file id="fl-178">
         <path>C:\ti\TivaWare_C_Series-2.1.0.12573\driverlib\ccs\Debug\</path>
         <kind>archive</kind>
         <file>driverlib.lib</file>
         <name>udma.obj</name>
      </input_file>
      <input_file id="fl-179">
         <path>C:\ti\TivaWare_C_Series-2.1.0.12573\driverlib\ccs\Debug\</path>
         <kind>archive</kind>
         <file>driverlib.lib</file>
         <name>uart.obj</name>
      </input_file>
      <input_file id="fl-17a">
         <path>C:\ti\TivaWare_C_Series-2.1.0.12573\driverlib\ccs\Debug\</path>
         <kind>archive</kind>
         <file>driverlib.lib</file>
         <name>timer.obj</name>
      </input_file>
      <input_file id="fl-17b">
         <path>C:\ti\TivaWare_C_Series-2.1.0.12573\driverlib\ccs\Debug\</path>
         <kind>archive</kind>
         <file>driverlib.lib</file>
         <name>sysctl.obj</name>
      </input_file>
      <input_file id="fl-17c">
         <path>C:\ti\TivaWare_C_Series-2.1.0.12573\driverlib\ccs\Debug\</path>
         <kind>archive</kind>
         <file>driverlib.lib</file>
         <name>pwm.obj</name>
      </input_file>
      <input_file id="fl-17d">
         <path>C:\ti\TivaWare_C_Series-2.1.0.12573\driverlib\ccs\Debug\</path>
         <kind>archive</kind>
         <file>driverlib.lib</file>
         <name>interrupt.obj</name>
      </input_file>
      <input_file id="fl-17e">
         <path>C:\ti\TivaWare_C_Series-2.1.0.12573\driverlib\ccs\Debug\</path>
         <kind>archive</kind>
         <file>driverlib.lib</file>
         <name>gpio.obj</name>
      </input_file>
      <input_file id="fl-17f">
         <path>C:\ti\TivaWare_C_Series-2.1.0.12573\driverlib\ccs\Debug\</path>
         <kind>archive</kind>
         <file>driverlib.lib</file>
         <name>cpu.obj</name>
      </input_file>
      <input_file id="fl-180">
         <path>C:\ti\TivaWare_C_Series-2.1.0.12573\driverlib\ccs\Debug\</path>
         <kind>archive</kind>
         <file>driverlib.lib</file>
         <name>adc.obj</name>
      </input_file>
   </input_file_list>
   <object_component_list>
      <object_component id="oc-e">
         <name>.intvecs</name>
         <load_address>0x0</load_address>
         <run_address>0x0</run_address>
         <size>0x26c</size>
         <input_file_ref idref="fl-1a"/>
      </object_component>
      <object_component id="oc-13e">
         <name>.text</name>
         <load_address>0x26c</load_address>
         <run_address>0x26c</run_address>
         <size>0x257c</size>
         <input_file_ref idref="fl-7"/>
      </object_component>
      <object_component id="oc-a2">
         <name>.text</name>
         <load_address>0x27e8</load_address>
         <run_address>0x27e8</run_address>
         <size>0x10bc</size>
         <input_file_ref idref="fl-2"/>
      </object_component>
      <object_component id="oc-143">
         <name>.text</name>
         <load_address>0x38a4</load_address>
         <run_address>0x38a4</run_address>
         <size>0x109c</size>
         <input_file_ref idref="fl-6"/>
      </object_component>
      <object_component id="oc-2a7">
         <name>.text</name>
         <load_address>0x4940</load_address>
         <run_address>0x4940</run_address>
         <size>0xe98</size>
         <input_file_ref idref="fl-e"/>
      </object_component>
      <object_component id="oc-2ac">
         <name>.text</name>
         <load_address>0x57d8</load_address>
         <run_address>0x57d8</run_address>
         <size>0xb2c</size>
         <input_file_ref idref="fl-10"/>
      </object_component>
      <object_component id="oc-9d">
         <name>.text</name>
         <load_address>0x6304</load_address>
         <run_address>0x6304</run_address>
         <size>0x774</size>
         <input_file_ref idref="fl-5"/>
      </object_component>
      <object_component id="oc-22f">
         <name>.text</name>
         <load_address>0x6a78</load_address>
         <run_address>0x6a78</run_address>
         <size>0x494</size>
         <input_file_ref idref="fl-9"/>
      </object_component>
      <object_component id="oc-2a2">
         <name>.text</name>
         <load_address>0x6f0c</load_address>
         <run_address>0x6f0c</run_address>
         <size>0x450</size>
         <input_file_ref idref="fl-8"/>
      </object_component>
      <object_component id="oc-3de">
         <name>.text</name>
         <load_address>0x735c</load_address>
         <run_address>0x735c</run_address>
         <size>0x2a8</size>
         <input_file_ref idref="fl-16a"/>
      </object_component>
      <object_component id="oc-70">
         <name>.text</name>
         <load_address>0x7604</load_address>
         <run_address>0x7604</run_address>
         <size>0x298</size>
         <input_file_ref idref="fl-12"/>
      </object_component>
      <object_component id="oc-23e">
         <name>.text</name>
         <load_address>0x789c</load_address>
         <run_address>0x789c</run_address>
         <size>0x220</size>
         <input_file_ref idref="fl-159"/>
      </object_component>
      <object_component id="oc-29">
         <name>.text</name>
         <load_address>0x7abc</load_address>
         <run_address>0x7abc</run_address>
         <size>0x1d8</size>
         <input_file_ref idref="fl-11"/>
      </object_component>
      <object_component id="oc-19d">
         <name>.text</name>
         <load_address>0x7c94</load_address>
         <run_address>0x7c94</run_address>
         <size>0x1b6</size>
         <input_file_ref idref="fl-153"/>
      </object_component>
      <object_component id="oc-6b">
         <name>.text</name>
         <load_address>0x7e4c</load_address>
         <run_address>0x7e4c</run_address>
         <size>0x1b0</size>
         <input_file_ref idref="fl-17"/>
      </object_component>
      <object_component id="oc-268">
         <name>.text</name>
         <load_address>0x7ffc</load_address>
         <run_address>0x7ffc</run_address>
         <size>0x18c</size>
         <input_file_ref idref="fl-162"/>
      </object_component>
      <object_component id="oc-42b">
         <name>.text</name>
         <load_address>0x8188</load_address>
         <run_address>0x8188</run_address>
         <size>0x16c</size>
         <input_file_ref idref="fl-173"/>
      </object_component>
      <object_component id="oc-263">
         <name>.text</name>
         <load_address>0x82f4</load_address>
         <run_address>0x82f4</run_address>
         <size>0x148</size>
         <input_file_ref idref="fl-15f"/>
      </object_component>
      <object_component id="oc-148">
         <name>.text</name>
         <load_address>0x843c</load_address>
         <run_address>0x843c</run_address>
         <size>0x144</size>
         <input_file_ref idref="fl-18"/>
      </object_component>
      <object_component id="oc-1a5">
         <name>.text</name>
         <load_address>0x8580</load_address>
         <run_address>0x8580</run_address>
         <size>0x136</size>
         <input_file_ref idref="fl-155"/>
      </object_component>
      <object_component id="oc-20b">
         <name>.text:GPIOPadConfigSet</name>
         <load_address>0x86b6</load_address>
         <run_address>0x86b6</run_address>
         <size>0x130</size>
         <input_file_ref idref="fl-17e"/>
      </object_component>
      <object_component id="oc-151">
         <name>.text</name>
         <load_address>0x87e8</load_address>
         <run_address>0x87e8</run_address>
         <size>0x11c</size>
         <input_file_ref idref="fl-14a"/>
      </object_component>
      <object_component id="oc-15e">
         <name>.text</name>
         <load_address>0x8904</load_address>
         <run_address>0x8904</run_address>
         <size>0x118</size>
         <input_file_ref idref="fl-14b"/>
      </object_component>
      <object_component id="oc-2ec">
         <name>.text</name>
         <load_address>0x8a1c</load_address>
         <run_address>0x8a1c</run_address>
         <size>0x110</size>
         <input_file_ref idref="fl-163"/>
      </object_component>
      <object_component id="oc-156">
         <name>.text</name>
         <load_address>0x8b2c</load_address>
         <run_address>0x8b2c</run_address>
         <size>0xfc</size>
         <input_file_ref idref="fl-156"/>
      </object_component>
      <object_component id="oc-298">
         <name>.text:SysCtlClockSet</name>
         <load_address>0x8c28</load_address>
         <run_address>0x8c28</run_address>
         <size>0xf0</size>
         <input_file_ref idref="fl-17b"/>
      </object_component>
      <object_component id="oc-3b8">
         <name>.text</name>
         <load_address>0x8d18</load_address>
         <run_address>0x8d18</run_address>
         <size>0xc4</size>
         <input_file_ref idref="fl-177"/>
      </object_component>
      <object_component id="oc-42">
         <name>.text</name>
         <load_address>0x8ddc</load_address>
         <run_address>0x8ddc</run_address>
         <size>0x9c</size>
         <input_file_ref idref="fl-15c"/>
      </object_component>
      <object_component id="oc-1eb">
         <name>.text</name>
         <load_address>0x8e78</load_address>
         <run_address>0x8e78</run_address>
         <size>0x98</size>
         <input_file_ref idref="fl-b"/>
      </object_component>
      <object_component id="oc-31">
         <name>.text</name>
         <load_address>0x8f10</load_address>
         <run_address>0x8f10</run_address>
         <size>0x94</size>
         <input_file_ref idref="fl-16e"/>
      </object_component>
      <object_component id="oc-29d">
         <name>.text</name>
         <load_address>0x8fa4</load_address>
         <run_address>0x8fa4</run_address>
         <size>0x90</size>
         <input_file_ref idref="fl-16"/>
      </object_component>
      <object_component id="oc-25f">
         <name>.text:__aeabi_cdcmple</name>
         <load_address>0x9034</load_address>
         <run_address>0x9034</run_address>
         <size>0x7e</size>
         <input_file_ref idref="fl-154"/>
      </object_component>
      <object_component id="oc-236">
         <name>.text</name>
         <load_address>0x90b2</load_address>
         <run_address>0x90b2</run_address>
         <size>0x78</size>
         <input_file_ref idref="fl-15d"/>
      </object_component>
      <object_component id="oc-1c0">
         <name>.text</name>
         <load_address>0x912a</load_address>
         <run_address>0x912a</run_address>
         <size>0x64</size>
         <input_file_ref idref="fl-3"/>
      </object_component>
      <object_component id="oc-2e7">
         <name>.text</name>
         <load_address>0x918e</load_address>
         <run_address>0x918e</run_address>
         <size>0x64</size>
         <input_file_ref idref="fl-165"/>
      </object_component>
      <object_component id="oc-93">
         <name>.text:IntEnable</name>
         <load_address>0x91f4</load_address>
         <run_address>0x91f4</run_address>
         <size>0x60</size>
         <input_file_ref idref="fl-17d"/>
      </object_component>
      <object_component id="oc-54">
         <name>.text</name>
         <load_address>0x9254</load_address>
         <run_address>0x9254</run_address>
         <size>0x5e</size>
         <input_file_ref idref="fl-14f"/>
      </object_component>
      <object_component id="oc-7a">
         <name>.text:TimerConfigure</name>
         <load_address>0x92b4</load_address>
         <run_address>0x92b4</run_address>
         <size>0x5c</size>
         <input_file_ref idref="fl-17a"/>
      </object_component>
      <object_component id="oc-30d">
         <name>.text:GPIOIntTypeSet</name>
         <load_address>0x9310</load_address>
         <run_address>0x9310</run_address>
         <size>0x56</size>
         <input_file_ref idref="fl-17e"/>
      </object_component>
      <object_component id="oc-15a">
         <name>.text</name>
         <load_address>0x9366</load_address>
         <run_address>0x9366</run_address>
         <size>0x4a</size>
         <input_file_ref idref="fl-157"/>
      </object_component>
      <object_component id="oc-102">
         <name>.text:GPIOPinConfigure</name>
         <load_address>0x93b0</load_address>
         <run_address>0x93b0</run_address>
         <size>0x48</size>
         <input_file_ref idref="fl-17e"/>
      </object_component>
      <object_component id="oc-10">
         <name>.text</name>
         <load_address>0x93f8</load_address>
         <run_address>0x93f8</run_address>
         <size>0x48</size>
         <input_file_ref idref="fl-14d"/>
      </object_component>
      <object_component id="oc-430">
         <name>.text</name>
         <load_address>0x9440</load_address>
         <run_address>0x9440</run_address>
         <size>0x48</size>
         <input_file_ref idref="fl-171"/>
      </object_component>
      <object_component id="oc-b7">
         <name>.text</name>
         <load_address>0x9488</load_address>
         <run_address>0x9488</run_address>
         <size>0x44</size>
         <input_file_ref idref="fl-16f"/>
      </object_component>
      <object_component id="oc-3a">
         <name>.text</name>
         <load_address>0x94cc</load_address>
         <run_address>0x94cc</run_address>
         <size>0x44</size>
         <input_file_ref idref="fl-152"/>
      </object_component>
      <object_component id="oc-25a">
         <name>.text</name>
         <load_address>0x9510</load_address>
         <run_address>0x9510</run_address>
         <size>0x44</size>
         <input_file_ref idref="fl-164"/>
      </object_component>
      <object_component id="oc-385">
         <name>.text:UARTConfigSetExpClk</name>
         <load_address>0x9554</load_address>
         <run_address>0x9554</run_address>
         <size>0x40</size>
         <input_file_ref idref="fl-179"/>
      </object_component>
      <object_component id="oc-3d0">
         <name>.text:_GPIOIntNumberGet</name>
         <load_address>0x9594</load_address>
         <run_address>0x9594</run_address>
         <size>0x40</size>
         <input_file_ref idref="fl-17e"/>
      </object_component>
      <object_component id="oc-405">
         <name>.text:_UARTIntNumberGet</name>
         <load_address>0x95d4</load_address>
         <run_address>0x95d4</run_address>
         <size>0x40</size>
         <input_file_ref idref="fl-179"/>
      </object_component>
      <object_component id="oc-414">
         <name>.text</name>
         <load_address>0x9614</load_address>
         <run_address>0x9614</run_address>
         <size>0x40</size>
         <input_file_ref idref="fl-176"/>
      </object_component>
      <object_component id="oc-14d">
         <name>.text</name>
         <load_address>0x9654</load_address>
         <run_address>0x9654</run_address>
         <size>0x38</size>
         <input_file_ref idref="fl-158"/>
      </object_component>
      <object_component id="oc-3d5">
         <name>.text:IntRegister</name>
         <load_address>0x968c</load_address>
         <run_address>0x968c</run_address>
         <size>0x34</size>
         <input_file_ref idref="fl-17d"/>
      </object_component>
      <object_component id="oc-75">
         <name>.text:SysCtlPeripheralEnable</name>
         <load_address>0x96c0</load_address>
         <run_address>0x96c0</run_address>
         <size>0x34</size>
         <input_file_ref idref="fl-17b"/>
      </object_component>
      <object_component id="oc-2f5">
         <name>.text</name>
         <load_address>0x96f4</load_address>
         <run_address>0x96f4</run_address>
         <size>0x34</size>
         <input_file_ref idref="fl-172"/>
      </object_component>
      <object_component id="oc-26d">
         <name>.text</name>
         <load_address>0x9728</load_address>
         <run_address>0x9728</run_address>
         <size>0x30</size>
         <input_file_ref idref="fl-168"/>
      </object_component>
      <object_component id="oc-434">
         <name>.text</name>
         <load_address>0x9758</load_address>
         <run_address>0x9758</run_address>
         <size>0x2e</size>
         <input_file_ref idref="fl-174"/>
      </object_component>
      <object_component id="oc-3c4">
         <name>.text</name>
         <load_address>0x9786</load_address>
         <run_address>0x9786</run_address>
         <size>0x2e</size>
         <input_file_ref idref="fl-175"/>
      </object_component>
      <object_component id="oc-206">
         <name>.text:GPIODirModeSet</name>
         <load_address>0x97b4</load_address>
         <run_address>0x97b4</run_address>
         <size>0x2a</size>
         <input_file_ref idref="fl-17e"/>
      </object_component>
      <object_component id="oc-89">
         <name>.text:IntPrioritySet</name>
         <load_address>0x97e0</load_address>
         <run_address>0x97e0</run_address>
         <size>0x24</size>
         <input_file_ref idref="fl-17d"/>
      </object_component>
      <object_component id="oc-10c">
         <name>.text:PWMGenConfigure</name>
         <load_address>0x9804</load_address>
         <run_address>0x9804</run_address>
         <size>0x22</size>
         <input_file_ref idref="fl-17c"/>
      </object_component>
      <object_component id="oc-242">
         <name>.text</name>
         <load_address>0x9826</load_address>
         <run_address>0x9826</run_address>
         <size>0x22</size>
         <input_file_ref idref="fl-15b"/>
      </object_component>
      <object_component id="oc-11b">
         <name>.text:PWMPulseWidthSet</name>
         <load_address>0x9848</load_address>
         <run_address>0x9848</run_address>
         <size>0x1e</size>
         <input_file_ref idref="fl-17c"/>
      </object_component>
      <object_component id="oc-3f7">
         <name>.text:UARTDisable</name>
         <load_address>0x9868</load_address>
         <run_address>0x9868</run_address>
         <size>0x1c</size>
         <input_file_ref idref="fl-179"/>
      </object_component>
      <object_component id="oc-32b">
         <name>.text</name>
         <load_address>0x9884</load_address>
         <run_address>0x9884</run_address>
         <size>0x1a</size>
         <input_file_ref idref="fl-151"/>
      </object_component>
      <object_component id="oc-330">
         <name>.text</name>
         <load_address>0x989e</load_address>
         <run_address>0x989e</run_address>
         <size>0x1a</size>
         <input_file_ref idref="fl-15e"/>
      </object_component>
      <object_component id="oc-317">
         <name>.text:GPIOIntRegister</name>
         <load_address>0x98b8</load_address>
         <run_address>0x98b8</run_address>
         <size>0x18</size>
         <input_file_ref idref="fl-17e"/>
      </object_component>
      <object_component id="oc-399">
         <name>.text:UARTIntRegister</name>
         <load_address>0x98d0</load_address>
         <run_address>0x98d0</run_address>
         <size>0x18</size>
         <input_file_ref idref="fl-179"/>
      </object_component>
      <object_component id="oc-35">
         <name>.text</name>
         <load_address>0x98e8</load_address>
         <run_address>0x98e8</run_address>
         <size>0x18</size>
         <input_file_ref idref="fl-16d"/>
      </object_component>
      <object_component id="oc-24f">
         <name>.text</name>
         <load_address>0x9900</load_address>
         <run_address>0x9900</run_address>
         <size>0x18</size>
         <input_file_ref idref="fl-15a"/>
      </object_component>
      <object_component id="oc-fd">
         <name>.text:SysCtlPWMClockSet</name>
         <load_address>0x9918</load_address>
         <run_address>0x9918</run_address>
         <size>0x14</size>
         <input_file_ref idref="fl-17b"/>
      </object_component>
      <object_component id="oc-3fc">
         <name>.text:UARTEnable</name>
         <load_address>0x992c</load_address>
         <run_address>0x992c</run_address>
         <size>0x14</size>
         <input_file_ref idref="fl-179"/>
      </object_component>
      <object_component id="oc-1f8">
         <name>.text</name>
         <load_address>0x9940</load_address>
         <run_address>0x9940</run_address>
         <size>0x14</size>
         <input_file_ref idref="fl-16c"/>
      </object_component>
      <object_component id="oc-f0">
         <name>.text:GPIOPinTypeGPIOInput</name>
         <load_address>0x9954</load_address>
         <run_address>0x9954</run_address>
         <size>0x12</size>
         <input_file_ref idref="fl-17e"/>
      </object_component>
      <object_component id="oc-107">
         <name>.text:GPIOPinTypePWM</name>
         <load_address>0x9966</load_address>
         <run_address>0x9966</run_address>
         <size>0x12</size>
         <input_file_ref idref="fl-17e"/>
      </object_component>
      <object_component id="oc-380">
         <name>.text:GPIOPinTypeUART</name>
         <load_address>0x9978</load_address>
         <run_address>0x9978</run_address>
         <size>0x12</size>
         <input_file_ref idref="fl-17e"/>
      </object_component>
      <object_component id="oc-116">
         <name>.text:PWMGenPeriodGet</name>
         <load_address>0x998a</load_address>
         <run_address>0x998a</run_address>
         <size>0x12</size>
         <input_file_ref idref="fl-17c"/>
      </object_component>
      <object_component id="oc-120">
         <name>.text:PWMOutputState</name>
         <load_address>0x999c</load_address>
         <run_address>0x999c</run_address>
         <size>0x12</size>
         <input_file_ref idref="fl-17c"/>
      </object_component>
      <object_component id="oc-7f">
         <name>.text:TimerLoadSet</name>
         <load_address>0x99ae</load_address>
         <run_address>0x99ae</run_address>
         <size>0x12</size>
         <input_file_ref idref="fl-17a"/>
      </object_component>
      <object_component id="oc-19">
         <name>.text:decompress:ZI</name>
         <load_address>0x99c0</load_address>
         <run_address>0x99c0</run_address>
         <size>0x12</size>
         <input_file_ref idref="fl-150"/>
      </object_component>
      <object_component id="oc-111">
         <name>.text:PWMGenPeriodSet</name>
         <load_address>0x99d2</load_address>
         <run_address>0x99d2</run_address>
         <size>0x10</size>
         <input_file_ref idref="fl-17c"/>
      </object_component>
      <object_component id="oc-31c">
         <name>.text:GPIOIntDisable</name>
         <load_address>0x99e2</load_address>
         <run_address>0x99e2</run_address>
         <size>0xe</size>
         <input_file_ref idref="fl-17e"/>
      </object_component>
      <object_component id="oc-321">
         <name>.text:GPIOIntStatus</name>
         <load_address>0x99f0</load_address>
         <run_address>0x99f0</run_address>
         <size>0xe</size>
         <input_file_ref idref="fl-17e"/>
      </object_component>
      <object_component id="oc-98">
         <name>.text:TimerEnable</name>
         <load_address>0x99fe</load_address>
         <run_address>0x99fe</run_address>
         <size>0xe</size>
         <input_file_ref idref="fl-17a"/>
      </object_component>
      <object_component id="oc-14">
         <name>.text:decompress:none</name>
         <load_address>0x9a0c</load_address>
         <run_address>0x9a0c</run_address>
         <size>0xe</size>
         <input_file_ref idref="fl-14e"/>
      </object_component>
      <object_component id="oc-12f">
         <name>.text:CPUcpsie</name>
         <load_address>0x9a1a</load_address>
         <run_address>0x9a1a</run_address>
         <size>0xc</size>
         <input_file_ref idref="fl-17f"/>
      </object_component>
      <object_component id="oc-312">
         <name>.text:GPIOIntEnable</name>
         <load_address>0x9a26</load_address>
         <run_address>0x9a26</run_address>
         <size>0xc</size>
         <input_file_ref idref="fl-17e"/>
      </object_component>
      <object_component id="oc-125">
         <name>.text:PWMGenEnable</name>
         <load_address>0x9a32</load_address>
         <run_address>0x9a32</run_address>
         <size>0xc</size>
         <input_file_ref idref="fl-17c"/>
      </object_component>
      <object_component id="oc-24">
         <name>.text</name>
         <load_address>0x9a3e</load_address>
         <run_address>0x9a3e</run_address>
         <size>0xc</size>
         <input_file_ref idref="fl-1a"/>
      </object_component>
      <object_component id="oc-84">
         <name>.text:IntMasterEnable</name>
         <load_address>0x9a4a</load_address>
         <run_address>0x9a4a</run_address>
         <size>0xa</size>
         <input_file_ref idref="fl-17d"/>
      </object_component>
      <object_component id="oc-61">
         <name>.text:TimerIntStatus</name>
         <load_address>0x9a54</load_address>
         <run_address>0x9a54</run_address>
         <size>0xa</size>
         <input_file_ref idref="fl-17a"/>
      </object_component>
      <object_component id="oc-370">
         <name>.text:UARTCharGet</name>
         <load_address>0x9a5e</load_address>
         <run_address>0x9a5e</run_address>
         <size>0xa</size>
         <input_file_ref idref="fl-179"/>
      </object_component>
      <object_component id="oc-39e">
         <name>.text:UARTCharPut</name>
         <load_address>0x9a68</load_address>
         <run_address>0x9a68</run_address>
         <size>0xa</size>
         <input_file_ref idref="fl-179"/>
      </object_component>
      <object_component id="oc-38f">
         <name>.text:UARTFIFOEnable</name>
         <load_address>0x9a72</load_address>
         <run_address>0x9a72</run_address>
         <size>0xa</size>
         <input_file_ref idref="fl-179"/>
      </object_component>
      <object_component id="oc-366">
         <name>.text:UARTIntStatus</name>
         <load_address>0x9a7c</load_address>
         <run_address>0x9a7c</run_address>
         <size>0xa</size>
         <input_file_ref idref="fl-179"/>
      </object_component>
      <object_component id="oc-8e">
         <name>.text:TimerIntEnable</name>
         <load_address>0x9a86</load_address>
         <run_address>0x9a86</run_address>
         <size>0x8</size>
         <input_file_ref idref="fl-17a"/>
      </object_component>
      <object_component id="oc-394">
         <name>.text:UARTIntEnable</name>
         <load_address>0x9a8e</load_address>
         <run_address>0x9a8e</run_address>
         <size>0x8</size>
         <input_file_ref idref="fl-179"/>
      </object_component>
      <object_component id="oc-bd">
         <name>.text</name>
         <load_address>0x9a96</load_address>
         <run_address>0x9a96</run_address>
         <size>0x8</size>
         <input_file_ref idref="fl-1b"/>
      </object_component>
      <object_component id="oc-326">
         <name>.text:GPIOIntClear</name>
         <load_address>0x9a9e</load_address>
         <run_address>0x9a9e</run_address>
         <size>0x6</size>
         <input_file_ref idref="fl-17e"/>
      </object_component>
      <object_component id="oc-f5">
         <name>.text:GPIOPinRead</name>
         <load_address>0x9aa4</load_address>
         <run_address>0x9aa4</run_address>
         <size>0x6</size>
         <input_file_ref idref="fl-17e"/>
      </object_component>
      <object_component id="oc-340">
         <name>.text:GPIOPinWrite</name>
         <load_address>0x9aaa</load_address>
         <run_address>0x9aaa</run_address>
         <size>0x6</size>
         <input_file_ref idref="fl-17e"/>
      </object_component>
      <object_component id="oc-30a">
         <name>.text:SysCtlDelay</name>
         <load_address>0x9ab0</load_address>
         <run_address>0x9ab0</run_address>
         <size>0x6</size>
         <input_file_ref idref="fl-17b"/>
      </object_component>
      <object_component id="oc-38a">
         <name>.text:UARTFIFOLevelSet</name>
         <load_address>0x9ab6</load_address>
         <run_address>0x9ab6</run_address>
         <size>0x6</size>
         <input_file_ref idref="fl-179"/>
      </object_component>
      <object_component id="oc-1e">
         <name>.text:decompress:rle24</name>
         <load_address>0x9abc</load_address>
         <run_address>0x9abc</run_address>
         <size>0x6</size>
         <input_file_ref idref="fl-14f"/>
      </object_component>
      <object_component id="oc-66">
         <name>.text:TimerIntClear</name>
         <load_address>0x9ac2</load_address>
         <run_address>0x9ac2</run_address>
         <size>0x4</size>
         <input_file_ref idref="fl-17a"/>
      </object_component>
      <object_component id="oc-36b">
         <name>.text:UARTIntClear</name>
         <load_address>0x9ac6</load_address>
         <run_address>0x9ac6</run_address>
         <size>0x4</size>
         <input_file_ref idref="fl-179"/>
      </object_component>
      <object_component id="oc-24b">
         <name>.const:.string:dmp_memory</name>
         <load_address>0x9ad0</load_address>
         <run_address>0x9ad0</run_address>
         <size>0xbf6</size>
         <input_file_ref idref="fl-6"/>
      </object_component>
      <object_component id="oc-249">
         <name>.const</name>
         <load_address>0xa6c6</load_address>
         <run_address>0xa6c6</run_address>
         <size>0x2</size>
         <input_file_ref idref="fl-6"/>
      </object_component>
      <object_component id="oc-423">
         <name>.const:g_ppui32GPIOIntMapBlizzard</name>
         <load_address>0xa6c8</load_address>
         <run_address>0xa6c8</run_address>
         <size>0xc0</size>
         <input_file_ref idref="fl-17e"/>
      </object_component>
      <object_component id="oc-425">
         <name>.const:g_ppui32GPIOIntMapSnowflake</name>
         <load_address>0xa788</load_address>
         <run_address>0xa788</run_address>
         <size>0xc0</size>
         <input_file_ref idref="fl-17e"/>
      </object_component>
      <object_component id="oc-135">
         <name>.const:g_pui32Regs</name>
         <load_address>0xa848</load_address>
         <run_address>0xa848</run_address>
         <size>0x9c</size>
         <input_file_ref idref="fl-17d"/>
      </object_component>
      <object_component id="oc-216">
         <name>.const:g_pui32GPIOBaseAddrs</name>
         <load_address>0xa8e4</load_address>
         <run_address>0xa8e4</run_address>
         <size>0x90</size>
         <input_file_ref idref="fl-17e"/>
      </object_component>
      <object_component id="oc-2f2">
         <name>.const</name>
         <load_address>0xa978</load_address>
         <run_address>0xa978</run_address>
         <size>0x88</size>
         <input_file_ref idref="fl-162"/>
      </object_component>
      <object_component id="oc-438">
         <name>.const</name>
         <load_address>0xaa00</load_address>
         <run_address>0xaa00</run_address>
         <size>0x80</size>
         <input_file_ref idref="fl-16a"/>
      </object_component>
      <object_component id="oc-13a">
         <name>.const</name>
         <load_address>0xaa80</load_address>
         <run_address>0xaa80</run_address>
         <size>0x70</size>
         <input_file_ref idref="fl-17d"/>
      </object_component>
      <object_component id="oc-24d">
         <name>.const:.string</name>
         <load_address>0xaaf0</load_address>
         <run_address>0xaaf0</run_address>
         <size>0x40</size>
         <input_file_ref idref="fl-6"/>
      </object_component>
      <object_component id="oc-443">
         <name>.const:g_ppui32UARTIntMap</name>
         <load_address>0xab30</load_address>
         <run_address>0xab30</run_address>
         <size>0x40</size>
         <input_file_ref idref="fl-179"/>
      </object_component>
      <object_component id="oc-445">
         <name>.const:g_ppui32UARTIntMapSnowflake</name>
         <load_address>0xab70</load_address>
         <run_address>0xab70</run_address>
         <size>0x40</size>
         <input_file_ref idref="fl-179"/>
      </object_component>
      <object_component id="oc-23c">
         <name>.const:test</name>
         <load_address>0xabb0</load_address>
         <run_address>0xabb0</run_address>
         <size>0x28</size>
         <input_file_ref idref="fl-7"/>
      </object_component>
      <object_component id="oc-2bf">
         <name>.const</name>
         <load_address>0xabd8</load_address>
         <run_address>0xabd8</run_address>
         <size>0x27</size>
         <input_file_ref idref="fl-7"/>
      </object_component>
      <object_component id="oc-1a9">
         <name>.const</name>
         <load_address>0xac00</load_address>
         <run_address>0xac00</run_address>
         <size>0x8</size>
         <input_file_ref idref="fl-2"/>
      </object_component>
      <object_component id="oc-48d">
         <name>.cinit..data.load</name>
         <load_address>0xac08</load_address>
         <run_address>0xac08</run_address>
         <size>0x94</size>
      </object_component>
      <object_component id="oc-48a">
         <name>__TI_handler_table</name>
         <load_address>0xac9c</load_address>
         <run_address>0xac9c</run_address>
         <size>0xc</size>
      </object_component>
      <object_component id="oc-48e">
         <name>.cinit..bss.load</name>
         <load_address>0xaca8</load_address>
         <run_address>0xaca8</run_address>
         <size>0x8</size>
      </object_component>
      <object_component id="oc-48c">
         <name>.cinit..vtable.load</name>
         <load_address>0xacb0</load_address>
         <run_address>0xacb0</run_address>
         <size>0x8</size>
      </object_component>
      <object_component id="oc-48b">
         <name>__TI_cinit_table</name>
         <load_address>0xacb8</load_address>
         <run_address>0xacb8</run_address>
         <size>0x18</size>
      </object_component>
      <object_component id="oc-428">
         <name>.vtable</name>
         <uninitialized>true</uninitialized>
         <run_address>0x20000000</run_address>
         <size>0x26c</size>
         <input_file_ref idref="fl-17d"/>
      </object_component>
      <object_component id="oc-3f">
         <name>.data</name>
         <load_address>0x20000ce8</load_address>
         <run_address>0x20000ce8</run_address>
         <size>0x4</size>
         <input_file_ref idref="fl-160"/>
      </object_component>
      <object_component id="oc-ab">
         <name>.data</name>
         <load_address>0x20000cd4</load_address>
         <run_address>0x20000cd4</run_address>
         <size>0x6</size>
         <input_file_ref idref="fl-11"/>
      </object_component>
      <object_component id="oc-c9">
         <name>.data</name>
         <load_address>0x20000cb4</load_address>
         <run_address>0x20000cb4</run_address>
         <size>0x8</size>
         <input_file_ref idref="fl-16c"/>
      </object_component>
      <object_component id="oc-cb">
         <name>.data</name>
         <load_address>0x20000cbc</load_address>
         <run_address>0x20000cbc</run_address>
         <size>0x8</size>
         <input_file_ref idref="fl-152"/>
      </object_component>
      <object_component id="oc-fa">
         <name>.data</name>
         <load_address>0x20000caa</load_address>
         <run_address>0x20000caa</run_address>
         <size>0x9</size>
         <input_file_ref idref="fl-17"/>
      </object_component>
      <object_component id="oc-164">
         <name>.data</name>
         <load_address>0x20000c28</load_address>
         <run_address>0x20000c28</run_address>
         <size>0x38</size>
         <input_file_ref idref="fl-5"/>
      </object_component>
      <object_component id="oc-19b">
         <name>.data</name>
         <load_address>0x20000b20</load_address>
         <run_address>0x20000b20</run_address>
         <size>0x88</size>
         <input_file_ref idref="fl-2"/>
      </object_component>
      <object_component id="oc-234">
         <name>.data:st</name>
         <load_address>0x20000c60</load_address>
         <run_address>0x20000c60</run_address>
         <size>0x2c</size>
         <input_file_ref idref="fl-7"/>
      </object_component>
      <object_component id="oc-23a">
         <name>.data</name>
         <load_address>0x20000ca9</load_address>
         <run_address>0x20000ca9</run_address>
         <size>0x1</size>
         <input_file_ref idref="fl-7"/>
      </object_component>
      <object_component id="oc-253">
         <name>.data</name>
         <load_address>0x20000c8c</load_address>
         <run_address>0x20000c8c</run_address>
         <size>0x10</size>
         <input_file_ref idref="fl-6"/>
      </object_component>
      <object_component id="oc-272">
         <name>.data</name>
         <load_address>0x20000ba8</load_address>
         <run_address>0x20000ba8</run_address>
         <size>0x80</size>
         <input_file_ref idref="fl-16b"/>
      </object_component>
      <object_component id="oc-2fa">
         <name>.data</name>
         <load_address>0x20000ce4</load_address>
         <run_address>0x20000ce4</run_address>
         <size>0x4</size>
         <input_file_ref idref="fl-170"/>
      </object_component>
      <object_component id="oc-33a">
         <name>.data</name>
         <load_address>0x20000ccc</load_address>
         <run_address>0x20000ccc</run_address>
         <size>0x8</size>
         <input_file_ref idref="fl-8"/>
      </object_component>
      <object_component id="oc-345">
         <name>.data</name>
         <load_address>0x20000c9c</load_address>
         <run_address>0x20000c9c</run_address>
         <size>0xd</size>
         <input_file_ref idref="fl-e"/>
      </object_component>
      <object_component id="oc-37e">
         <name>.data</name>
         <load_address>0x20000cdc</load_address>
         <run_address>0x20000cdc</run_address>
         <size>0x6</size>
         <input_file_ref idref="fl-10"/>
      </object_component>
      <object_component id="oc-3c9">
         <name>.data</name>
         <load_address>0x20000cc4</load_address>
         <run_address>0x20000cc4</run_address>
         <size>0x8</size>
         <input_file_ref idref="fl-172"/>
      </object_component>
      <object_component id="oc-44a">
         <name>.data:sigtable</name>
         <load_address>0x20000a70</load_address>
         <run_address>0x20000a70</run_address>
         <size>0xb0</size>
         <input_file_ref idref="fl-176"/>
      </object_component>
      <object_component id="oc-182">
         <name>.bss:Attitude</name>
         <uninitialized>true</uninitialized>
         <run_address>0x20000cec</run_address>
         <size>0x28</size>
         <input_file_ref idref="fl-8"/>
      </object_component>
      <object_component id="oc-1d6">
         <name>.common:PID_ROL</name>
         <uninitialized>true</uninitialized>
         <run_address>0x20000e8c</run_address>
         <size>0x18</size>
      </object_component>
      <object_component id="oc-1d5">
         <name>.common:PID_PIT</name>
         <uninitialized>true</uninitialized>
         <run_address>0x20000e74</run_address>
         <size>0x18</size>
      </object_component>
      <object_component id="oc-1c7">
         <name>.common:PID_YAW</name>
         <uninitialized>true</uninitialized>
         <run_address>0x20000ea4</run_address>
         <size>0x18</size>
      </object_component>
      <object_component id="oc-1a4">
         <name>.common:SUM_ERROR</name>
         <uninitialized>true</uninitialized>
         <run_address>0x20000ebc</run_address>
         <size>0x18</size>
      </object_component>
      <object_component id="oc-163">
         <name>.common:result$2</name>
         <uninitialized>true</uninitialized>
         <run_address>0x20000f1c</run_address>
         <size>0x4</size>
      </object_component>
      <object_component id="oc-169">
         <name>.common:sensor_timestamp$4</name>
         <uninitialized>true</uninitialized>
         <run_address>0x20000f2c</run_address>
         <size>0x4</size>
      </object_component>
      <object_component id="oc-166">
         <name>.common:sensors$5</name>
         <uninitialized>true</uninitialized>
         <run_address>0x20000f4e</run_address>
         <size>0x2</size>
      </object_component>
      <object_component id="oc-167">
         <name>.common:more$6</name>
         <uninitialized>true</uninitialized>
         <run_address>0x20000f53</run_address>
         <size>0x1</size>
      </object_component>
      <object_component id="oc-16c">
         <name>.common:quat$7</name>
         <uninitialized>true</uninitialized>
         <run_address>0x20000ee4</run_address>
         <size>0x10</size>
      </object_component>
      <object_component id="oc-176">
         <name>.common:sensor_timestamp$12</name>
         <uninitialized>true</uninitialized>
         <run_address>0x20000f28</run_address>
         <size>0x4</size>
      </object_component>
      <object_component id="oc-171">
         <name>.common:sensors$13</name>
         <uninitialized>true</uninitialized>
         <run_address>0x20000f4c</run_address>
         <size>0x2</size>
      </object_component>
      <object_component id="oc-172">
         <name>.common:more$14</name>
         <uninitialized>true</uninitialized>
         <run_address>0x20000f52</run_address>
         <size>0x1</size>
      </object_component>
      <object_component id="oc-179">
         <name>.common:quat$15</name>
         <uninitialized>true</uninitialized>
         <run_address>0x20000ed4</run_address>
         <size>0x10</size>
      </object_component>
      <object_component id="oc-173">
         <name>.common:gyro$16</name>
         <uninitialized>true</uninitialized>
         <run_address>0x20000efc</run_address>
         <size>0x8</size>
      </object_component>
      <object_component id="oc-174">
         <name>.common:accel$17</name>
         <uninitialized>true</uninitialized>
         <run_address>0x20000ef4</run_address>
         <size>0x8</size>
      </object_component>
      <object_component id="oc-339">
         <name>.common:NRF_recv_16$1</name>
         <uninitialized>true</uninitialized>
         <run_address>0x20000d14</run_address>
         <size>0x20</size>
      </object_component>
      <object_component id="oc-338">
         <name>.common:key_coding$2</name>
         <uninitialized>true</uninitialized>
         <run_address>0x20000f4a</run_address>
         <size>0x2</size>
      </object_component>
      <object_component id="oc-33c">
         <name>.common:stopFlag</name>
         <uninitialized>true</uninitialized>
         <run_address>0x20000f56</run_address>
         <size>0x1</size>
      </object_component>
      <object_component id="oc-33d">
         <name>.common:startFlag</name>
         <uninitialized>true</uninitialized>
         <run_address>0x20000f55</run_address>
         <size>0x1</size>
      </object_component>
      <object_component id="oc-33e">
         <name>.common:delayTimes</name>
         <uninitialized>true</uninitialized>
         <run_address>0x20000f48</run_address>
         <size>0x2</size>
      </object_component>
      <object_component id="oc-336">
         <name>.common:myYawVal</name>
         <uninitialized>true</uninitialized>
         <run_address>0x20000f14</run_address>
         <size>0x4</size>
      </object_component>
      <object_component id="oc-1ab">
         <name>.common:pitch</name>
         <uninitialized>true</uninitialized>
         <run_address>0x20000f18</run_address>
         <size>0x4</size>
      </object_component>
      <object_component id="oc-1ac">
         <name>.common:roll</name>
         <uninitialized>true</uninitialized>
         <run_address>0x20000f20</run_address>
         <size>0x4</size>
      </object_component>
      <object_component id="oc-1ca">
         <name>.common:yaw</name>
         <uninitialized>true</uninitialized>
         <run_address>0x20000f34</run_address>
         <size>0x4</size>
      </object_component>
      <object_component id="oc-35b">
         <name>.common:sta</name>
         <uninitialized>true</uninitialized>
         <run_address>0x20000f54</run_address>
         <size>0x1</size>
      </object_component>
      <object_component id="oc-34b">
         <name>.common:dat$1</name>
         <uninitialized>true</uninitialized>
         <run_address>0x20000f38</run_address>
         <size>0x2</size>
      </object_component>
      <object_component id="oc-34a">
         <name>.common:dat_8$2</name>
         <uninitialized>true</uninitialized>
         <run_address>0x20000e14</run_address>
         <size>0x20</size>
      </object_component>
      <object_component id="oc-34e">
         <name>.common:dat$3</name>
         <uninitialized>true</uninitialized>
         <run_address>0x20000f46</run_address>
         <size>0x2</size>
      </object_component>
      <object_component id="oc-34c">
         <name>.common:dat_8$4</name>
         <uninitialized>true</uninitialized>
         <run_address>0x20000e54</run_address>
         <size>0x20</size>
      </object_component>
      <object_component id="oc-351">
         <name>.common:TX_dat_8$8</name>
         <uninitialized>true</uninitialized>
         <run_address>0x20000d94</run_address>
         <size>0x20</size>
      </object_component>
      <object_component id="oc-353">
         <name>.common:RX_dat_8$9</name>
         <uninitialized>true</uninitialized>
         <run_address>0x20000d54</run_address>
         <size>0x20</size>
      </object_component>
      <object_component id="oc-352">
         <name>.common:dat$10</name>
         <uninitialized>true</uninitialized>
         <run_address>0x20000f3a</run_address>
         <size>0x2</size>
      </object_component>
      <object_component id="oc-355">
         <name>.common:TX_dat_8$11</name>
         <uninitialized>true</uninitialized>
         <run_address>0x20000d74</run_address>
         <size>0x20</size>
      </object_component>
      <object_component id="oc-357">
         <name>.common:RX_dat_8$12</name>
         <uninitialized>true</uninitialized>
         <run_address>0x20000d34</run_address>
         <size>0x20</size>
      </object_component>
      <object_component id="oc-356">
         <name>.common:dat$13</name>
         <uninitialized>true</uninitialized>
         <run_address>0x20000f3c</run_address>
         <size>0x2</size>
      </object_component>
      <object_component id="oc-35a">
         <name>.common:dat$14</name>
         <uninitialized>true</uninitialized>
         <run_address>0x20000f3e</run_address>
         <size>0x2</size>
      </object_component>
      <object_component id="oc-359">
         <name>.common:dat_8$15</name>
         <uninitialized>true</uninitialized>
         <run_address>0x20000db4</run_address>
         <size>0x20</size>
      </object_component>
      <object_component id="oc-35e">
         <name>.common:dat$16</name>
         <uninitialized>true</uninitialized>
         <run_address>0x20000f40</run_address>
         <size>0x2</size>
      </object_component>
      <object_component id="oc-35c">
         <name>.common:dat_8$17</name>
         <uninitialized>true</uninitialized>
         <run_address>0x20000dd4</run_address>
         <size>0x20</size>
      </object_component>
      <object_component id="oc-361">
         <name>.common:dat$18</name>
         <uninitialized>true</uninitialized>
         <run_address>0x20000f42</run_address>
         <size>0x2</size>
      </object_component>
      <object_component id="oc-35f">
         <name>.common:dat_8$19</name>
         <uninitialized>true</uninitialized>
         <run_address>0x20000df4</run_address>
         <size>0x20</size>
      </object_component>
      <object_component id="oc-364">
         <name>.common:dat$20</name>
         <uninitialized>true</uninitialized>
         <run_address>0x20000f44</run_address>
         <size>0x2</size>
      </object_component>
      <object_component id="oc-362">
         <name>.common:dat_8$21</name>
         <uninitialized>true</uninitialized>
         <run_address>0x20000e34</run_address>
         <size>0x20</size>
      </object_component>
      <object_component id="oc-3aa">
         <name>.common:send_muxByte_Tmp</name>
         <uninitialized>true</uninitialized>
         <run_address>0x20000f24</run_address>
         <size>0x4</size>
      </object_component>
      <object_component id="oc-37d">
         <name>.common:serialFIFO_RX</name>
         <uninitialized>true</uninitialized>
         <run_address>0x20000f0c</run_address>
         <size>0x8</size>
      </object_component>
      <object_component id="oc-ad">
         <name>.common:gyroTmp</name>
         <uninitialized>true</uninitialized>
         <run_address>0x20000f04</run_address>
         <size>0x8</size>
      </object_component>
      <object_component id="oc-a7">
         <name>.common:timeCounter</name>
         <uninitialized>true</uninitialized>
         <run_address>0x20000f30</run_address>
         <size>0x4</size>
      </object_component>
      <object_component id="oc-a9">
         <name>.common:keyStatus</name>
         <uninitialized>true</uninitialized>
         <run_address>0x20000f51</run_address>
         <size>0x1</size>
      </object_component>
      <object_component id="oc-aa">
         <name>.common:iss</name>
         <uninitialized>true</uninitialized>
         <run_address>0x20000f50</run_address>
         <size>0x1</size>
      </object_component>
      <object_component id="oc-23">
         <name>.stack</name>
         <uninitialized>true</uninitialized>
         <run_address>0x2000026c</run_address>
         <size>0x0</size>
         <input_file_ref idref="fl-14d"/>
      </object_component>
      <object_component id="oc-48f">
         <name>.stack</name>
         <uninitialized>true</uninitialized>
         <run_address>0x2000026c</run_address>
         <size>0x0</size>
      </object_component>
      <object_component id="oc-f">
         <name>.debug_info</name>
         <load_address>0x0</load_address>
         <run_address>0x0</run_address>
         <size>0xe3</size>
         <input_file_ref idref="fl-1a"/>
      </object_component>
      <object_component id="oc-11">
         <name>.debug_info</name>
         <load_address>0xe3</load_address>
         <run_address>0xe3</run_address>
         <size>0xf3</size>
         <input_file_ref idref="fl-14d"/>
      </object_component>
      <object_component id="oc-15">
         <name>.debug_info</name>
         <load_address>0x1d6</load_address>
         <run_address>0x1d6</run_address>
         <size>0x194</size>
         <input_file_ref idref="fl-14e"/>
      </object_component>
      <object_component id="oc-1d">
         <name>.debug_info</name>
         <load_address>0x36a</load_address>
         <run_address>0x36a</run_address>
         <size>0x16a</size>
         <input_file_ref idref="fl-150"/>
      </object_component>
      <object_component id="oc-22">
         <name>.debug_info</name>
         <load_address>0x4d4</load_address>
         <run_address>0x4d4</run_address>
         <size>0x18e</size>
         <input_file_ref idref="fl-14f"/>
      </object_component>
      <object_component id="oc-25">
         <name>.debug_info</name>
         <load_address>0x662</load_address>
         <run_address>0x662</run_address>
         <size>0x25f</size>
         <input_file_ref idref="fl-1a"/>
      </object_component>
      <object_component id="oc-2a">
         <name>.debug_info</name>
         <load_address>0x8c1</load_address>
         <run_address>0x8c1</run_address>
         <size>0x587</size>
         <input_file_ref idref="fl-11"/>
      </object_component>
      <object_component id="oc-30">
         <name>.debug_info</name>
         <load_address>0xe48</load_address>
         <run_address>0xe48</run_address>
         <size>0x14c</size>
         <input_file_ref idref="fl-1a"/>
      </object_component>
      <object_component id="oc-34">
         <name>.debug_info</name>
         <load_address>0xf94</load_address>
         <run_address>0xf94</run_address>
         <size>0x13d</size>
         <input_file_ref idref="fl-16e"/>
      </object_component>
      <object_component id="oc-38">
         <name>.debug_info</name>
         <load_address>0x10d1</load_address>
         <run_address>0x10d1</run_address>
         <size>0x11c</size>
         <input_file_ref idref="fl-16d"/>
      </object_component>
      <object_component id="oc-3b">
         <name>.debug_info</name>
         <load_address>0x11ed</load_address>
         <run_address>0x11ed</run_address>
         <size>0x1c2</size>
         <input_file_ref idref="fl-152"/>
      </object_component>
      <object_component id="oc-40">
         <name>.debug_info</name>
         <load_address>0x13af</load_address>
         <run_address>0x13af</run_address>
         <size>0xbe</size>
         <input_file_ref idref="fl-160"/>
      </object_component>
      <object_component id="oc-44">
         <name>.debug_info</name>
         <load_address>0x146d</load_address>
         <run_address>0x146d</run_address>
         <size>0xcc</size>
         <input_file_ref idref="fl-15c"/>
      </object_component>
      <object_component id="oc-47">
         <name>.debug_info</name>
         <load_address>0x1539</load_address>
         <run_address>0x1539</run_address>
         <size>0x46</size>
         <input_file_ref idref="fl-14e"/>
      </object_component>
      <object_component id="oc-4c">
         <name>.debug_info</name>
         <load_address>0x157f</load_address>
         <run_address>0x157f</run_address>
         <size>0xf2</size>
         <input_file_ref idref="fl-14e"/>
      </object_component>
      <object_component id="oc-4e">
         <name>.debug_info</name>
         <load_address>0x1671</load_address>
         <run_address>0x1671</run_address>
         <size>0x46</size>
         <input_file_ref idref="fl-150"/>
      </object_component>
      <object_component id="oc-53">
         <name>.debug_info</name>
         <load_address>0x16b7</load_address>
         <run_address>0x16b7</run_address>
         <size>0xad</size>
         <input_file_ref idref="fl-150"/>
      </object_component>
      <object_component id="oc-58">
         <name>.debug_info</name>
         <load_address>0x1764</load_address>
         <run_address>0x1764</run_address>
         <size>0x1ef</size>
         <input_file_ref idref="fl-14f"/>
      </object_component>
      <object_component id="oc-5a">
         <name>.debug_info</name>
         <load_address>0x1953</load_address>
         <run_address>0x1953</run_address>
         <size>0xb7</size>
         <input_file_ref idref="fl-14f"/>
      </object_component>
      <object_component id="oc-5b">
         <name>.debug_info</name>
         <load_address>0x1a0a</load_address>
         <run_address>0x1a0a</run_address>
         <size>0x39</size>
         <input_file_ref idref="fl-14f"/>
      </object_component>
      <object_component id="oc-63">
         <name>.debug_info</name>
         <load_address>0x1a43</load_address>
         <run_address>0x1a43</run_address>
         <size>0x1e8</size>
         <input_file_ref idref="fl-17a"/>
      </object_component>
      <object_component id="oc-68">
         <name>.debug_info</name>
         <load_address>0x1c2b</load_address>
         <run_address>0x1c2b</run_address>
         <size>0x1f6</size>
         <input_file_ref idref="fl-17a"/>
      </object_component>
      <object_component id="oc-6c">
         <name>.debug_info</name>
         <load_address>0x1e21</load_address>
         <run_address>0x1e21</run_address>
         <size>0x2a9</size>
         <input_file_ref idref="fl-17"/>
      </object_component>
      <object_component id="oc-71">
         <name>.debug_info</name>
         <load_address>0x20ca</load_address>
         <run_address>0x20ca</run_address>
         <size>0x764</size>
         <input_file_ref idref="fl-12"/>
      </object_component>
      <object_component id="oc-76">
         <name>.debug_info</name>
         <load_address>0x282e</load_address>
         <run_address>0x282e</run_address>
         <size>0x1e1</size>
         <input_file_ref idref="fl-17b"/>
      </object_component>
      <object_component id="oc-7b">
         <name>.debug_info</name>
         <load_address>0x2a0f</load_address>
         <run_address>0x2a0f</run_address>
         <size>0x1f0</size>
         <input_file_ref idref="fl-17a"/>
      </object_component>
      <object_component id="oc-81">
         <name>.debug_info</name>
         <load_address>0x2bff</load_address>
         <run_address>0x2bff</run_address>
         <size>0x21e</size>
         <input_file_ref idref="fl-17a"/>
      </object_component>
      <object_component id="oc-85">
         <name>.debug_info</name>
         <load_address>0x2e1d</load_address>
         <run_address>0x2e1d</run_address>
         <size>0x1a2</size>
         <input_file_ref idref="fl-17d"/>
      </object_component>
      <object_component id="oc-8a">
         <name>.debug_info</name>
         <load_address>0x2fbf</load_address>
         <run_address>0x2fbf</run_address>
         <size>0x22d</size>
         <input_file_ref idref="fl-17d"/>
      </object_component>
      <object_component id="oc-90">
         <name>.debug_info</name>
         <load_address>0x31ec</load_address>
         <run_address>0x31ec</run_address>
         <size>0x1f8</size>
         <input_file_ref idref="fl-17a"/>
      </object_component>
      <object_component id="oc-94">
         <name>.debug_info</name>
         <load_address>0x33e4</load_address>
         <run_address>0x33e4</run_address>
         <size>0x1cc</size>
         <input_file_ref idref="fl-17d"/>
      </object_component>
      <object_component id="oc-9a">
         <name>.debug_info</name>
         <load_address>0x35b0</load_address>
         <run_address>0x35b0</run_address>
         <size>0x1e3</size>
         <input_file_ref idref="fl-17a"/>
      </object_component>
      <object_component id="oc-9e">
         <name>.debug_info</name>
         <load_address>0x3793</load_address>
         <run_address>0x3793</run_address>
         <size>0xddc</size>
         <input_file_ref idref="fl-5"/>
      </object_component>
      <object_component id="oc-a3">
         <name>.debug_info</name>
         <load_address>0x456f</load_address>
         <run_address>0x456f</run_address>
         <size>0x14a8</size>
         <input_file_ref idref="fl-2"/>
      </object_component>
      <object_component id="oc-a8">
         <name>.debug_info</name>
         <load_address>0x5a17</load_address>
         <run_address>0x5a17</run_address>
         <size>0x1ee</size>
         <input_file_ref idref="fl-1b"/>
      </object_component>
      <object_component id="oc-ac">
         <name>.debug_info</name>
         <load_address>0x5c05</load_address>
         <run_address>0x5c05</run_address>
         <size>0xf2</size>
         <input_file_ref idref="fl-11"/>
      </object_component>
      <object_component id="oc-ae">
         <name>.debug_info</name>
         <load_address>0x5cf7</load_address>
         <run_address>0x5cf7</run_address>
         <size>0x45c</size>
         <input_file_ref idref="fl-11"/>
      </object_component>
      <object_component id="oc-b0">
         <name>.debug_info</name>
         <load_address>0x6153</load_address>
         <run_address>0x6153</run_address>
         <size>0x18b</size>
         <input_file_ref idref="fl-2"/>
      </object_component>
      <object_component id="oc-ba">
         <name>.debug_info</name>
         <load_address>0x62de</load_address>
         <run_address>0x62de</run_address>
         <size>0x14b</size>
         <input_file_ref idref="fl-16f"/>
      </object_component>
      <object_component id="oc-be">
         <name>.debug_info</name>
         <load_address>0x6429</load_address>
         <run_address>0x6429</run_address>
         <size>0xf8</size>
         <input_file_ref idref="fl-1b"/>
      </object_component>
      <object_component id="oc-c3">
         <name>.debug_info</name>
         <load_address>0x6521</load_address>
         <run_address>0x6521</run_address>
         <size>0x84</size>
         <input_file_ref idref="fl-2"/>
      </object_component>
      <object_component id="oc-c8">
         <name>.debug_info</name>
         <load_address>0x65a5</load_address>
         <run_address>0x65a5</run_address>
         <size>0x11b</size>
         <input_file_ref idref="fl-16d"/>
      </object_component>
      <object_component id="oc-ca">
         <name>.debug_info</name>
         <load_address>0x66c0</load_address>
         <run_address>0x66c0</run_address>
         <size>0xc8</size>
         <input_file_ref idref="fl-16c"/>
      </object_component>
      <object_component id="oc-cc">
         <name>.debug_info</name>
         <load_address>0x6788</load_address>
         <run_address>0x6788</run_address>
         <size>0xeb</size>
         <input_file_ref idref="fl-152"/>
      </object_component>
      <object_component id="oc-ce">
         <name>.debug_info</name>
         <load_address>0x6873</load_address>
         <run_address>0x6873</run_address>
         <size>0x146</size>
         <input_file_ref idref="fl-152"/>
      </object_component>
      <object_component id="oc-d2">
         <name>.debug_info</name>
         <load_address>0x69b9</load_address>
         <run_address>0x69b9</run_address>
         <size>0x2c</size>
         <input_file_ref idref="fl-14e"/>
      </object_component>
      <object_component id="oc-d9">
         <name>.debug_info</name>
         <load_address>0x69e5</load_address>
         <run_address>0x69e5</run_address>
         <size>0x2c</size>
         <input_file_ref idref="fl-2"/>
      </object_component>
      <object_component id="oc-e4">
         <name>.debug_info</name>
         <load_address>0x6a11</load_address>
         <run_address>0x6a11</run_address>
         <size>0x18b</size>
         <input_file_ref idref="fl-178"/>
      </object_component>
      <object_component id="oc-e9">
         <name>.debug_info</name>
         <load_address>0x6b9c</load_address>
         <run_address>0x6b9c</run_address>
         <size>0x90</size>
         <input_file_ref idref="fl-178"/>
      </object_component>
      <object_component id="oc-ee">
         <name>.debug_info</name>
         <load_address>0x6c2c</load_address>
         <run_address>0x6c2c</run_address>
         <size>0x1cf</size>
         <input_file_ref idref="fl-17a"/>
      </object_component>
      <object_component id="oc-f1">
         <name>.debug_info</name>
         <load_address>0x6dfb</load_address>
         <run_address>0x6dfb</run_address>
         <size>0x1e9</size>
         <input_file_ref idref="fl-17e"/>
      </object_component>
      <object_component id="oc-f6">
         <name>.debug_info</name>
         <load_address>0x6fe4</load_address>
         <run_address>0x6fe4</run_address>
         <size>0x1df</size>
         <input_file_ref idref="fl-17e"/>
      </object_component>
      <object_component id="oc-fb">
         <name>.debug_info</name>
         <load_address>0x71c3</load_address>
         <run_address>0x71c3</run_address>
         <size>0x179</size>
         <input_file_ref idref="fl-17"/>
      </object_component>
      <object_component id="oc-fe">
         <name>.debug_info</name>
         <load_address>0x733c</load_address>
         <run_address>0x733c</run_address>
         <size>0x1c7</size>
         <input_file_ref idref="fl-17b"/>
      </object_component>
      <object_component id="oc-103">
         <name>.debug_info</name>
         <load_address>0x7503</load_address>
         <run_address>0x7503</run_address>
         <size>0x1e4</size>
         <input_file_ref idref="fl-17e"/>
      </object_component>
      <object_component id="oc-108">
         <name>.debug_info</name>
         <load_address>0x76e7</load_address>
         <run_address>0x76e7</run_address>
         <size>0x1dd</size>
         <input_file_ref idref="fl-17e"/>
      </object_component>
[...]
         <object_component_ref idref="oc-148"/>
      </symbol>
      <symbol id="sm-869">
         <name>delay_ms</name>
         <value>0x8461</value>
         <object_component_ref idref="oc-148"/>
      </symbol>
      <symbol id="sm-884">
         <name>ResetISR</name>
         <value>0x9a3f</value>
         <object_component_ref idref="oc-24"/>
      </symbol>
      <symbol id="sm-885">
         <name>g_pfnVectors</name>
         <value>0x0</value>
         <object_component_ref idref="oc-e"/>
      </symbol>
      <symbol id="sm-892">
         <name>timeCounter</name>
         <value>0x20000f30</value>
      </symbol>
      <symbol id="sm-893">
         <name>keyStatus</name>
         <value>0x20000f51</value>
      </symbol>
      <symbol id="sm-894">
         <name>iss</name>
         <value>0x20000f50</value>
      </symbol>
      <symbol id="sm-895">
         <name>main</name>
         <value>0x9a97</value>
         <object_component_ref idref="oc-bd"/>
      </symbol>
      <symbol id="sm-8ac">
         <name>asin</name>
         <value>0x87e9</value>
         <object_component_ref idref="oc-151"/>
      </symbol>
      <symbol id="sm-8c4">
         <name>atan2</name>
         <value>0x8905</value>
         <object_component_ref idref="oc-15e"/>
      </symbol>
      <symbol id="sm-8d4">
         <name>_c_int00</name>
         <value>0x93f9</value>
         <object_component_ref idref="oc-10"/>
      </symbol>
      <symbol id="sm-8d5">
         <name>__stack</name>
         <value>0x2000026c</value>
         <object_component_ref idref="oc-23"/>
      </symbol>
      <symbol id="sm-8eb">
         <name>__TI_decompress_none</name>
         <value>0x9a0d</value>
         <object_component_ref idref="oc-14"/>
      </symbol>
      <symbol id="sm-90d">
         <name>__TI_decompress_rle24</name>
         <value>0x9abd</value>
         <object_component_ref idref="oc-1e"/>
      </symbol>
      <symbol id="sm-920">
         <name>__TI_zero_init</name>
         <value>0x99c1</value>
         <object_component_ref idref="oc-19"/>
      </symbol>
      <symbol id="sm-92c">
         <name>cos</name>
         <value>0x9885</value>
         <object_component_ref idref="oc-32b"/>
      </symbol>
      <symbol id="sm-948">
         <name>C$$EXIT</name>
         <value>0x94cd</value>
         <object_component_ref idref="oc-3a"/>
      </symbol>
      <symbol id="sm-949">
         <name>abort</name>
         <value>0x94d1</value>
         <object_component_ref idref="oc-3a"/>
      </symbol>
      <symbol id="sm-94a">
         <name>exit</name>
         <value>0x94d9</value>
         <object_component_ref idref="oc-3a"/>
      </symbol>
      <symbol id="sm-94b">
         <name>__TI_dtors_ptr</name>
         <value>0x20000cc0</value>
         <object_component_ref idref="oc-cb"/>
      </symbol>
      <symbol id="sm-94c">
         <name>__TI_cleanup_ptr</name>
         <value>0x20000cbc</value>
         <object_component_ref idref="oc-cb"/>
      </symbol>
      <symbol id="sm-962">
         <name>__aeabi_dsub</name>
         <value>0x7c95</value>
         <object_component_ref idref="oc-19d"/>
      </symbol>
      <symbol id="sm-963">
         <name>__aeabi_dadd</name>
         <value>0x7c9f</value>
         <object_component_ref idref="oc-19d"/>
      </symbol>
      <symbol id="sm-974">
         <name>__aeabi_cdcmpeq</name>
         <value>0x9035</value>
         <object_component_ref idref="oc-25f"/>
      </symbol>
      <symbol id="sm-975">
         <name>__aeabi_cdcmple</name>
         <value>0x9035</value>
         <object_component_ref idref="oc-25f"/>
      </symbol>
      <symbol id="sm-988">
         <name>__aeabi_ddiv</name>
         <value>0x8581</value>
         <object_component_ref idref="oc-1a5"/>
      </symbol>
      <symbol id="sm-992">
         <name>__aeabi_dmul</name>
         <value>0x8b2d</value>
         <object_component_ref idref="oc-156"/>
      </symbol>
      <symbol id="sm-99b">
         <name>__aeabi_d2f</name>
         <value>0x9367</value>
         <object_component_ref idref="oc-15a"/>
      </symbol>
      <symbol id="sm-9a5">
         <name>__aeabi_f2d</name>
         <value>0x9655</value>
         <object_component_ref idref="oc-14d"/>
      </symbol>
      <symbol id="sm-9c3">
         <name>__aeabi_ldivmod</name>
         <value>0x789d</value>
         <object_component_ref idref="oc-23e"/>
      </symbol>
      <symbol id="sm-9cb">
         <name>__aeabi_lmul</name>
         <value>0x9901</value>
         <object_component_ref idref="oc-24f"/>
      </symbol>
      <symbol id="sm-9da">
         <name>memcmp</name>
         <value>0x9827</value>
         <object_component_ref idref="oc-242"/>
      </symbol>
      <symbol id="sm-9f4">
         <name>memcpy</name>
         <value>0x8ddd</value>
         <object_component_ref idref="oc-42"/>
      </symbol>
      <symbol id="sm-9f5">
         <name>__aeabi_memcpy</name>
         <value>0x8ddd</value>
         <object_component_ref idref="oc-42"/>
      </symbol>
      <symbol id="sm-9f6">
         <name>__aeabi_memcpy8</name>
         <value>0x8ddd</value>
         <object_component_ref idref="oc-42"/>
      </symbol>
      <symbol id="sm-9f7">
         <name>__aeabi_memcpy4</name>
         <value>0x8ddd</value>
         <object_component_ref idref="oc-42"/>
      </symbol>
      <symbol id="sm-a05">
         <name>__aeabi_memset</name>
         <value>0x90b5</value>
         <object_component_ref idref="oc-236"/>
      </symbol>
      <symbol id="sm-a06">
         <name>memset</name>
         <value>0x90bb</value>
         <object_component_ref idref="oc-236"/>
      </symbol>
      <symbol id="sm-a07">
         <name>__aeabi_memset8</name>
         <value>0x90b5</value>
         <object_component_ref idref="oc-236"/>
      </symbol>
      <symbol id="sm-a08">
         <name>__aeabi_memset4</name>
         <value>0x90b5</value>
         <object_component_ref idref="oc-236"/>
      </symbol>
      <symbol id="sm-a09">
         <name>__aeabi_memclr8</name>
         <value>0x90b3</value>
         <object_component_ref idref="oc-236"/>
      </symbol>
      <symbol id="sm-a0a">
         <name>__aeabi_memclr4</name>
         <value>0x90b3</value>
         <object_component_ref idref="oc-236"/>
      </symbol>
      <symbol id="sm-a0b">
         <name>__aeabi_memclr</name>
         <value>0x90b3</value>
         <object_component_ref idref="oc-236"/>
      </symbol>
      <symbol id="sm-a17">
         <name>sin</name>
         <value>0x989f</value>
         <object_component_ref idref="oc-330"/>
      </symbol>
      <symbol id="sm-a2d">
         <name>sqrt</name>
         <value>0x82f5</value>
         <object_component_ref idref="oc-263"/>
      </symbol>
      <symbol id="sm-a34">
         <name>main_func_sp</name>
         <value>0x20000ce8</value>
         <object_component_ref idref="oc-3f"/>
      </symbol>
      <symbol id="sm-a55">
         <name>_Atan</name>
         <value>0x7ffd</value>
         <object_component_ref idref="oc-268"/>
      </symbol>
      <symbol id="sm-a6f">
         <name>_Dscale</name>
         <value>0x8a1d</value>
         <object_component_ref idref="oc-2ec"/>
      </symbol>
      <symbol id="sm-a80">
         <name>_Dtest</name>
         <value>0x9511</value>
         <object_component_ref idref="oc-25a"/>
      </symbol>
      <symbol id="sm-a93">
         <name>_Dunscale</name>
         <value>0x918f</value>
         <object_component_ref idref="oc-2e7"/>
      </symbol>
      <symbol id="sm-aa3">
         <name>_Feraise</name>
         <value>0x9729</value>
         <object_component_ref idref="oc-26d"/>
      </symbol>
      <symbol id="sm-ada">
         <name>_Sin</name>
         <value>0x735d</value>
         <object_component_ref idref="oc-3de"/>
      </symbol>
      <symbol id="sm-ae9">
         <name>_Rteps</name>
         <value>0x20000c08</value>
         <object_component_ref idref="oc-272"/>
      </symbol>
      <symbol id="sm-aea">
         <name>_Zero</name>
         <value>0x20000c20</value>
         <object_component_ref idref="oc-272"/>
      </symbol>
      <symbol id="sm-aeb">
         <name>_Hugeval</name>
         <value>0x20000bc8</value>
         <object_component_ref idref="oc-272"/>
      </symbol>
      <symbol id="sm-aec">
         <name>_Snan</name>
         <value>0x20000bf8</value>
         <object_component_ref idref="oc-272"/>
      </symbol>
      <symbol id="sm-aed">
         <name>_Nan</name>
         <value>0x20000be8</value>
         <object_component_ref idref="oc-272"/>
      </symbol>
      <symbol id="sm-aee">
         <name>_Inf</name>
         <value>0x20000bd8</value>
         <object_component_ref idref="oc-272"/>
      </symbol>
      <symbol id="sm-aef">
         <name>_Xbig</name>
         <value>0x20000c18</value>
         <object_component_ref idref="oc-272"/>
      </symbol>
      <symbol id="sm-af0">
         <name>_Eps</name>
         <value>0x20000bb8</value>
         <object_component_ref idref="oc-272"/>
      </symbol>
      <symbol id="sm-af1">
         <name>_Denorm</name>
         <value>0x20000ba8</value>
         <object_component_ref idref="oc-272"/>
      </symbol>
      <symbol id="sm-b07">
         <name>_nop</name>
         <value>0x994f</value>
         <object_component_ref idref="oc-1f8"/>
      </symbol>
      <symbol id="sm-b08">
         <name>_lock</name>
         <value>0x20000cb4</value>
         <object_component_ref idref="oc-c9"/>
      </symbol>
      <symbol id="sm-b09">
         <name>_unlock</name>
         <value>0x20000cb8</value>
         <object_component_ref idref="oc-c9"/>
      </symbol>
      <symbol id="sm-b0a">
         <name>_register_lock</name>
         <value>0x9947</value>
         <object_component_ref idref="oc-1f8"/>
      </symbol>
      <symbol id="sm-b0b">
         <name>_register_unlock</name>
         <value>0x9941</value>
         <object_component_ref idref="oc-1f8"/>
      </symbol>
      <symbol id="sm-b1e">
         <name>_args_main</name>
         <value>0x98e9</value>
         <object_component_ref idref="oc-35"/>
      </symbol>
      <symbol id="sm-b3a">
         <name>__TI_auto_init</name>
         <value>0x8f11</value>
         <object_component_ref idref="oc-31"/>
      </symbol>
      <symbol id="sm-b52">
         <name>copy_in</name>
         <value>0x9489</value>
         <object_component_ref idref="oc-b7"/>
      </symbol>
      <symbol id="sm-b59">
         <name>_Errno</name>
         <value>0x20000ce4</value>
         <object_component_ref idref="oc-2fa"/>
      </symbol>
      <symbol id="sm-b62">
         <name>__aeabi_d2iz</name>
         <value>0x9441</value>
         <object_component_ref idref="oc-430"/>
      </symbol>
      <symbol id="sm-b7d">
         <name>feraiseexcept</name>
         <value>0x96f5</value>
         <object_component_ref idref="oc-2f5"/>
      </symbol>
      <symbol id="sm-b7e">
         <name>_Tls_setup__Fenv</name>
         <value>0x20000cc8</value>
         <object_component_ref idref="oc-3c9"/>
      </symbol>
      <symbol id="sm-b7f">
         <name>_Fenv</name>
         <value>0x20000cc4</value>
         <object_component_ref idref="oc-3c9"/>
      </symbol>
      <symbol id="sm-b9e">
         <name>fmod</name>
         <value>0x8189</value>
         <object_component_ref idref="oc-42b"/>
      </symbol>
      <symbol id="sm-ba7">
         <name>__aeabi_i2d</name>
         <value>0x9759</value>
         <object_component_ref idref="oc-434"/>
      </symbol>
      <symbol id="sm-bba">
         <name>raise</name>
         <value>0x9787</value>
         <object_component_ref idref="oc-3c4"/>
      </symbol>
      <symbol id="sm-bd2">
         <name>signal</name>
         <value>0x9615</value>
         <object_component_ref idref="oc-414"/>
      </symbol>
      <symbol id="sm-be6">
         <name>_Dnorm</name>
         <value>0x8d19</value>
         <object_component_ref idref="oc-3b8"/>
      </symbol>
      <symbol id="sm-c6f">
         <name>UARTConfigSetExpClk</name>
         <value>0x9555</value>
         <object_component_ref idref="oc-385"/>
      </symbol>
      <symbol id="sm-c70">
         <name>UARTDisable</name>
         <value>0x9869</value>
         <object_component_ref idref="oc-3f7"/>
      </symbol>
      <symbol id="sm-c71">
         <name>UARTIntEnable</name>
         <value>0x9a8f</value>
         <object_component_ref idref="oc-394"/>
      </symbol>
      <symbol id="sm-c72">
         <name>UARTCharPut</name>
         <value>0x9a69</value>
         <object_component_ref idref="oc-39e"/>
      </symbol>
      <symbol id="sm-c73">
         <name>UARTEnable</name>
         <value>0x992d</value>
         <object_component_ref idref="oc-3fc"/>
      </symbol>
      <symbol id="sm-c74">
         <name>UARTFIFOEnable</name>
         <value>0x9a73</value>
         <object_component_ref idref="oc-38f"/>
      </symbol>
      <symbol id="sm-c75">
         <name>UARTIntClear</name>
         <value>0x9ac7</value>
         <object_component_ref idref="oc-36b"/>
      </symbol>
      <symbol id="sm-c76">
         <name>UARTIntStatus</name>
         <value>0x9a7d</value>
         <object_component_ref idref="oc-366"/>
      </symbol>
      <symbol id="sm-c77">
         <name>UARTCharGet</name>
         <value>0x9a5f</value>
         <object_component_ref idref="oc-370"/>
      </symbol>
      <symbol id="sm-c78">
         <name>UARTFIFOLevelSet</name>
         <value>0x9ab7</value>
         <object_component_ref idref="oc-38a"/>
      </symbol>
      <symbol id="sm-c79">
         <name>UARTIntRegister</name>
         <value>0x98d1</value>
         <object_component_ref idref="oc-399"/>
      </symbol>
      <symbol id="sm-cae">
         <name>TimerLoadSet</name>
         <value>0x99af</value>
         <object_component_ref idref="oc-7f"/>
      </symbol>
      <symbol id="sm-caf">
         <name>TimerEnable</name>
         <value>0x99ff</value>
         <object_component_ref idref="oc-98"/>
      </symbol>
      <symbol id="sm-cb0">
         <name>TimerIntStatus</name>
         <value>0x9a55</value>
         <object_component_ref idref="oc-61"/>
      </symbol>
      <symbol id="sm-cb1">
         <name>TimerIntEnable</name>
         <value>0x9a87</value>
         <object_component_ref idref="oc-8e"/>
      </symbol>
      <symbol id="sm-cb2">
         <name>TimerConfigure</name>
         <value>0x92b5</value>
         <object_component_ref idref="oc-7a"/>
      </symbol>
      <symbol id="sm-cb3">
         <name>TimerIntClear</name>
         <value>0x9ac3</value>
         <object_component_ref idref="oc-66"/>
      </symbol>
      <symbol id="sm-cee">
         <name>SysCtlClockSet</name>
         <value>0x8c29</value>
         <object_component_ref idref="oc-298"/>
      </symbol>
      <symbol id="sm-cef">
         <name>SysCtlDelay</name>
         <value>0x9ab1</value>
         <object_component_ref idref="oc-30a"/>
      </symbol>
      <symbol id="sm-cf0">
         <name>SysCtlPeripheralEnable</name>
         <value>0x96c1</value>
         <object_component_ref idref="oc-75"/>
      </symbol>
      <symbol id="sm-cf1">
         <name>SysCtlPWMClockSet</name>
         <value>0x9919</value>
         <object_component_ref idref="oc-fd"/>
      </symbol>
      <symbol id="sm-d20">
         <name>PWMGenPeriodSet</name>
         <value>0x99d3</value>
         <object_component_ref idref="oc-111"/>
      </symbol>
      <symbol id="sm-d21">
         <name>PWMPulseWidthSet</name>
         <value>0x9849</value>
         <object_component_ref idref="oc-11b"/>
      </symbol>
      <symbol id="sm-d22">
         <name>PWMGenPeriodGet</name>
         <value>0x998b</value>
         <object_component_ref idref="oc-116"/>
      </symbol>
      <symbol id="sm-d23">
         <name>PWMOutputState</name>
         <value>0x999d</value>
         <object_component_ref idref="oc-120"/>
      </symbol>
      <symbol id="sm-d24">
         <name>PWMGenEnable</name>
         <value>0x9a33</value>
         <object_component_ref idref="oc-125"/>
      </symbol>
      <symbol id="sm-d25">
         <name>PWMGenConfigure</name>
         <value>0x9805</value>
         <object_component_ref idref="oc-10c"/>
      </symbol>
      <symbol id="sm-d71">
         <name>IntPrioritySet</name>
         <value>0x97e1</value>
         <object_component_ref idref="oc-89"/>
      </symbol>
      <symbol id="sm-d72">
         <name>IntEnable</name>
         <value>0x91f5</value>
         <object_component_ref idref="oc-93"/>
      </symbol>
      <symbol id="sm-d73">
         <name>IntRegister</name>
         <value>0x968d</value>
         <object_component_ref idref="oc-3d5"/>
      </symbol>
      <symbol id="sm-d74">
         <name>g_pfnRAMVectors</name>
         <value>0x20000000</value>
         <object_component_ref idref="oc-428"/>
      </symbol>
      <symbol id="sm-d75">
         <name>IntMasterEnable</name>
         <value>0x9a4b</value>
         <object_component_ref idref="oc-84"/>
      </symbol>
      <symbol id="sm-e0e">
         <name>GPIOPinTypePWM</name>
         <value>0x9967</value>
         <object_component_ref idref="oc-107"/>
      </symbol>
      <symbol id="sm-e0f">
         <name>GPIOIntRegister</name>
         <value>0x98b9</value>
         <object_component_ref idref="oc-317"/>
      </symbol>
      <symbol id="sm-e10">
         <name>GPIOPinConfigure</name>
         <value>0x93b1</value>
         <object_component_ref idref="oc-102"/>
      </symbol>
      <symbol id="sm-e11">
         <name>GPIOIntDisable</name>
         <value>0x99e3</value>
         <object_component_ref idref="oc-31c"/>
      </symbol>
      <symbol id="sm-e12">
         <name>GPIOIntEnable</name>
         <value>0x9a27</value>
         <object_component_ref idref="oc-312"/>
      </symbol>
      <symbol id="sm-e13">
         <name>GPIOIntTypeSet</name>
         <value>0x9311</value>
         <object_component_ref idref="oc-30d"/>
      </symbol>
      <symbol id="sm-e14">
         <name>GPIOPinTypeGPIOInput</name>
         <value>0x9955</value>
         <object_component_ref idref="oc-f0"/>
      </symbol>
      <symbol id="sm-e15">
         <name>GPIOIntClear</name>
         <value>0x9a9f</value>
         <object_component_ref idref="oc-326"/>
      </symbol>
      <symbol id="sm-e16">
         <name>GPIOPinTypeUART</name>
         <value>0x9979</value>
         <object_component_ref idref="oc-380"/>
      </symbol>
      <symbol id="sm-e17">
         <name>GPIOIntStatus</name>
         <value>0x99f1</value>
         <object_component_ref idref="oc-321"/>
      </symbol>
      <symbol id="sm-e18">
         <name>GPIOPinRead</name>
         <value>0x9aa5</value>
         <object_component_ref idref="oc-f5"/>
      </symbol>
      <symbol id="sm-e19">
         <name>GPIODirModeSet</name>
         <value>0x97b5</value>
         <object_component_ref idref="oc-206"/>
      </symbol>
      <symbol id="sm-e1a">
         <name>GPIOPinWrite</name>
         <value>0x9aab</value>
         <object_component_ref idref="oc-340"/>
      </symbol>
      <symbol id="sm-e1b">
         <name>GPIOPadConfigSet</name>
         <value>0x86b7</value>
         <object_component_ref idref="oc-20b"/>
      </symbol>
      <symbol id="sm-e24">
         <name>CPUcpsie</name>
         <value>0x9a1b</value>
         <object_component_ref idref="oc-12f"/>
      </symbol>
      <symbol id="sm-e26">
         <name>__TI_static_base__</name>
         <value>0x0</value>
      </symbol>
      <symbol id="sm-e27">
         <name>__TI_args_main</name>
         <value>0x1</value>
      </symbol>
      <symbol id="sm-e28">
         <name>SHT$$INIT_ARRAY$$Limit</name>
         <value>0x0</value>
      </symbol>
      <symbol id="sm-e29">
         <name>SHT$$INIT_ARRAY$$Base</name>
         <value>0x0</value>
      </symbol>
   </symbol_table>
   <title>Link successful</title>
</link_info>
